\BOOKMARK [1][-]{section*.1}{\376\377\003\232\003\261\003\304\003\254\003\273\003\277\003\263\003\277\003\302\000\040\003\243\003\307\003\267\003\274\003\254\003\304\003\311\003\275}{}% 1
\BOOKMARK [1][-]{section*.2}{\376\377\003\232\003\261\003\304\003\254\003\273\003\277\003\263\003\277\003\302\000\040\003\240\003\271\003\275\003\254\003\272\003\311\003\275}{}% 2
\BOOKMARK [1][-]{section*.3}{\376\377\003\225\003\271\003\303\003\261\003\263\003\311\003\263\003\256}{}% 3
\BOOKMARK [1][-]{section.1}{\376\377\003\237\003\301\003\271\003\303\003\274\003\314\003\302\000\040\003\272\003\261\003\271\000\040\003\300\003\265\003\301\003\271\003\263\003\301\003\261\003\306\003\256\000\040\003\304\003\277\003\305\000\040\003\300\003\301\003\277\003\262\003\273\003\256\003\274\003\261\003\304\003\277\003\302}{}% 4
\BOOKMARK [2][-]{subsection.1.1}{\376\377\003\232\003\261\003\304\003\254\003\304\003\274\003\267\003\303\003\267\000\040\003\265\003\271\003\272\003\314\003\275\003\261\003\302}{section.1}% 5
\BOOKMARK [3][-]{subsubsection.1.1.1}{\376\377\003\243\003\267\003\274\003\261\003\303\003\271\003\277\003\273\003\277\003\263\003\271\003\272\003\256\000\040\003\272\003\261\003\304\003\254\003\304\003\274\003\267\003\303\003\267\000\040\003\265\003\271\003\272\003\314\003\275\003\261\003\302}{subsection.1.1}% 6
\BOOKMARK [3][-]{subsubsection.1.1.2}{\376\377\003\232\003\261\003\304\003\254\003\304\003\274\003\267\003\303\003\267\000\040\003\261\003\275\003\304\003\271\003\272\003\265\003\271\003\274\003\255\003\275\003\311\003\275}{subsection.1.1}% 7
\BOOKMARK [3][-]{subsubsection.1.1.3}{\376\377\003\240\003\261\003\275\003\277\003\300\003\304\003\271\003\272\003\256\000\040\003\272\003\261\003\304\003\254\003\304\003\274\003\267\003\303\003\267\000\040\003\265\003\271\003\272\003\314\003\275\003\261\003\302}{subsection.1.1}% 8
\BOOKMARK [2][-]{subsection.1.2}{\376\377\003\243\003\305\003\275\003\261\003\306\003\256\000\040\003\300\003\301\003\277\003\262\003\273\003\256\003\274\003\261\003\304\003\261\000\040\003\261\003\275\003\254\003\273\003\305\003\303\003\267\003\302\000\040\003\265\003\271\003\272\003\314\003\275\003\261\003\302}{section.1}% 9
\BOOKMARK [1][-]{section.2}{\376\377\003\230\003\265\003\311\003\301\003\267\003\304\003\271\003\272\003\314\000\040\003\305\003\300\003\314\003\262\003\261\003\270\003\301\003\277}{}% 10
\BOOKMARK [2][-]{subsection.2.1}{\376\377\003\237\000\040\003\275\003\265\003\305\003\301\003\316\003\275\003\261\003\302}{section.2}% 11
\BOOKMARK [2][-]{subsection.2.2}{\376\377\003\244\003\277\000\040\003\274\003\277\003\275\003\304\003\255\003\273\003\277\000\040\000M\000c\000C\000u\000l\000l\000o\000c\000h\000-\000P\000i\000t\000t\000s}{section.2}% 12
\BOOKMARK [3][-]{subsubsection.2.2.1}{\376\377\003\225\003\275\003\261\003\273\003\273\003\261\003\272\003\304\003\271\003\272\003\255\003\302\000\040\003\303\003\305\003\275\003\261\003\301\003\304\003\256\003\303\003\265\003\271\003\302\000\040\003\265\003\275\003\265\003\301\003\263\003\277\003\300\003\277\003\257\003\267\003\303\003\267\003\302}{subsection.2.2}% 13
\BOOKMARK [2][-]{subsection.2.3}{\376\377\003\235\003\265\003\305\003\301\003\311\003\275\003\271\003\272\003\254\000\040\003\264\003\257\003\272\003\304\003\305\003\261\000\040\003\300\003\277\003\273\003\273\003\316\003\275\000\040\003\303\003\304\003\301\003\311\003\274\003\254\003\304\003\311\003\275}{section.2}% 14
\BOOKMARK [3][-]{subsubsection.2.3.1}{\376\377\003\244\003\277\000\040\003\264\003\257\003\272\003\304\003\305\003\277\000\040\000M\000L\000P}{subsection.2.3}% 15
\BOOKMARK [3][-]{subsubsection.2.3.2}{\376\377\003\225\003\272\003\300\003\261\003\257\003\264\003\265\003\305\003\303\003\267\000\040\003\275\003\265\003\305\003\301\003\311\003\275\003\271\003\272\003\316\003\275\000\040\003\264\003\271\003\272\003\304\003\315\003\311\003\275}{subsection.2.3}% 16
\BOOKMARK [3][-]{subsubsection.2.3.3}{\376\377\003\241\003\315\003\270\003\274\003\271\003\303\003\267\000\040\000\050\000R\000e\000g\000u\000l\000a\000r\000i\000z\000a\000t\000i\000o\000n\000\051}{subsection.2.3}% 17
\BOOKMARK [2][-]{subsection.2.4}{\376\377\003\243\003\305\003\275\003\265\003\273\003\271\003\272\003\304\003\271\003\272\003\254\000\040\003\275\003\265\003\305\003\301\003\311\003\275\003\271\003\272\003\254\000\040\003\264\003\257\003\272\003\304\003\305\003\261}{section.2}% 18
\BOOKMARK [3][-]{subsubsection.2.4.1}{\376\377\003\243\003\305\003\275\003\255\003\273\003\271\003\276\003\267\000\040\003\274\003\265\000\040\003\262\003\256\003\274\003\261}{subsection.2.4}% 19
\BOOKMARK [3][-]{subsubsection.2.4.2}{\376\377\003\243\003\304\003\301\003\316\003\274\003\261\000\040\003\305\003\300\003\277\003\264\003\265\003\271\003\263\003\274\003\261\003\304\003\277\003\273\003\267\003\310\003\257\003\261\003\302}{subsection.2.4}% 20
\BOOKMARK [3][-]{subsubsection.2.4.3}{\376\377\003\225\003\300\003\255\003\272\003\304\003\261\003\303\003\267\000\040\003\274\003\265\000\040\003\274\003\267\003\264\003\265\003\275\003\271\003\272\003\254\000\040\000\050\000Z\000e\000r\000o\000-\000p\000a\000d\000d\000i\000n\000g\000\051}{subsection.2.4}% 21
\BOOKMARK [3][-]{subsubsection.2.4.4}{\376\377\003\232\003\261\003\275\003\277\003\275\003\271\003\272\003\277\003\300\003\277\003\257\003\267\003\303\003\267\000\040\003\304\003\271\003\274\003\316\003\275\000\040\000\050\000N\000o\000r\000m\000a\000l\000i\000z\000a\000t\000i\000o\000n\000\051}{subsection.2.4}% 22
\BOOKMARK [2][-]{subsection.2.5}{\376\377\003\234\003\265\003\304\003\261\003\303\003\307\003\267\003\274\003\261\003\304\003\271\003\303\003\304\003\255\003\302\000\040\000\050\000T\000r\000a\000n\000s\000f\000o\000r\000m\000e\000r\000s\000\051}{section.2}% 23
\BOOKMARK [3][-]{subsubsection.2.5.1}{\376\377\003\221\003\301\003\307\003\271\003\304\003\265\003\272\003\304\003\277\003\275\003\271\003\272\003\256}{subsection.2.5}% 24
\BOOKMARK [1][-]{section.3}{\376\377\003\243\003\315\003\275\003\277\003\273\003\261\000\040\003\264\003\265\003\264\003\277\003\274\003\255\003\275\003\311\003\275\000\040\003\272\003\261\003\271\000\040\003\274\003\265\003\304\003\301\003\271\003\272\003\255\003\302\000\040\003\261\003\276\003\271\003\277\003\273\003\314\003\263\003\267\003\303\003\267\003\302\000\040\003\300\003\261\003\275\003\277\003\300\003\304\003\271\003\272\003\256\003\302\000\040\000\040\003\272\003\261\003\304\003\254\003\304\003\274\003\267\003\303\003\267\003\302\000\040\003\265\003\271\003\272\003\314\003\275\003\261\003\302}{}% 25
\BOOKMARK [2][-]{subsection.3.1}{\376\377\003\243\003\315\003\275\003\277\003\273\003\261\000\040\003\264\003\265\003\264\003\277\003\274\003\255\003\275\003\311\003\275\000\040\003\300\003\261\003\275\003\277\003\300\003\304\003\271\003\272\003\256\003\302\000\040\003\272\003\261\003\304\003\254\003\304\003\274\003\267\003\303\003\267\003\302\000\040\003\265\003\271\003\272\003\314\003\275\003\261\003\302}{section.3}% 26
\BOOKMARK [3][-]{subsubsection.3.1.1}{\376\377\003\243\003\315\003\275\003\277\003\273\003\277\000\040\003\264\003\265\003\264\003\277\003\274\003\255\003\275\003\311\003\275\000\040\000C\000O\000C\000O}{subsection.3.1}% 27
\BOOKMARK [3][-]{subsubsection.3.1.2}{\376\377\003\243\003\315\003\275\003\277\003\273\003\277\000\040\003\264\003\265\003\264\003\277\003\274\003\255\003\275\003\311\003\275\000\040\000C\000i\000t\000y\000s\000c\000a\000p\000e\000s}{subsection.3.1}% 28
\BOOKMARK [3][-]{subsubsection.3.1.3}{\376\377\003\243\003\315\003\275\003\277\003\273\003\277\000\040\003\264\003\265\003\264\003\277\003\274\003\255\003\275\003\311\003\275\000\040\000A\000D\000E\0002\0000\000K}{subsection.3.1}% 29
\BOOKMARK [2][-]{subsection.3.2}{\376\377\003\234\003\265\003\304\003\301\003\271\003\272\003\255\003\302\000\040\003\261\003\276\003\271\003\277\003\273\003\314\003\263\003\267\003\303\003\267\003\302\000\040\003\300\003\261\003\275\003\277\003\300\003\304\003\271\003\272\003\256\003\302\000\040\003\272\003\261\003\304\003\254\003\304\003\274\003\267\003\303\003\267\003\302\000\040\003\265\003\271\003\272\003\314\003\275\003\261\003\302}{section.3}% 30
\BOOKMARK [3][-]{subsubsection.3.2.1}{\376\377\003\240\003\257\003\275\003\261\003\272\003\261\003\302\000\040\003\303\003\315\003\263\003\307\003\305\003\303\003\267\003\302\000\040\000\050\000C\000o\000n\000f\000u\000s\000i\000o\000n\000\040\000m\000a\000t\000r\000i\000x\000\051}{subsection.3.2}% 31
\BOOKMARK [3][-]{subsubsection.3.2.2}{\376\377\000I\000n\000t\000e\000r\000s\000e\000c\000t\000i\000o\000n\000\040\000o\000v\000e\000r\000\040\000U\000n\000i\000o\000n\000\040\000\050\000I\000o\000U\000\051}{subsection.3.2}% 32
\BOOKMARK [3][-]{subsubsection.3.2.3}{\376\377\003\234\003\255\003\303\003\277\003\302\000\040\003\214\003\301\003\277\003\302\000\040\003\221\003\272\003\301\003\257\003\262\003\265\003\271\003\261\003\302\000\040\000\050\000A\000v\000e\000r\000a\000g\000e\000\040\000P\000r\000e\000c\000i\000s\000i\000o\000n\000\040\000-\000\040\000A\000P\000\051}{subsection.3.2}% 33
\BOOKMARK [3][-]{subsubsection.3.2.4}{\376\377\003\240\003\261\003\275\003\277\003\300\003\304\003\271\003\272\003\256\000\040\003\300\003\277\003\271\003\314\003\304\003\267\003\304\003\261\000\040\000\050\000P\000a\000n\000o\000p\000t\000i\000c\000\040\000Q\000u\000a\000l\000i\000t\000y\000\040\000-\000\040\000P\000Q\000\051}{subsection.3.2}% 34
\BOOKMARK [1][-]{section.4}{\376\377\003\243\003\307\003\265\003\304\003\271\003\272\003\256\000\040\003\255\003\301\003\265\003\305\003\275\003\261}{}% 35
\BOOKMARK [2][-]{subsection.4.1}{\376\377\000S\000t\000a\000t\000e\000-\000o\000f\000-\000t\000h\000e\000-\000a\000r\000t\000\040\003\303\003\304\003\277\000\040\003\303\003\315\003\275\003\277\003\273\003\277\000\040\003\264\003\265\003\264\003\277\003\274\003\255\003\275\003\311\003\275\000\040\000C\000O\000C\000O}{section.4}% 36
\BOOKMARK [3][-]{subsubsection.4.1.1}{\376\377\000M\000a\000s\000k\000\040\000D\000I\000N\000O}{subsection.4.1}% 37
\BOOKMARK [3][-]{subsubsection.4.1.2}{\376\377\000k\000M\000a\000X\000-\000D\000e\000e\000p\000L\000a\000b}{subsection.4.1}% 38
\BOOKMARK [2][-]{subsection.4.2}{\376\377\000S\000t\000a\000t\000e\000-\000o\000f\000-\000t\000h\000e\000-\000a\000r\000t\000\040\003\303\003\304\003\277\000\040\003\303\003\315\003\275\003\277\003\273\003\277\000\040\003\264\003\265\003\264\003\277\003\274\003\255\003\275\003\311\003\275\000\040\000C\000i\000t\000y\000s\000c\000a\000p\000e\000s}{section.4}% 39
\BOOKMARK [3][-]{subsubsection.4.2.1}{\376\377\000S\000c\000a\000l\000i\000n\000g\000\040\000W\000i\000d\000e\000\040\000R\000e\000s\000i\000d\000u\000a\000l\000\040\000N\000e\000t\000w\000o\000r\000k\000s}{subsection.4.2}% 40
\BOOKMARK [3][-]{subsubsection.4.2.2}{\376\377\000N\000a\000i\000v\000e\000-\000S\000t\000u\000d\000e\000n\000t}{subsection.4.2}% 41
\BOOKMARK [2][-]{subsection.4.3}{\376\377\000S\000t\000a\000t\000e\000-\000o\000f\000-\000t\000h\000e\000-\000a\000r\000t\000\040\003\303\003\304\003\277\000\040\003\303\003\315\003\275\003\277\003\273\003\277\000\040\003\264\003\265\003\264\003\277\003\274\003\255\003\275\003\311\003\275\000\040\000A\000D\000E\0002\0000\000K}{section.4}% 42
\BOOKMARK [3][-]{subsubsection.4.3.1}{\376\377\000O\000n\000e\000F\000o\000r\000m\000e\000r}{subsection.4.3}% 43
\BOOKMARK [3][-]{subsubsection.4.3.2}{\376\377\000O\000p\000e\000n\000S\000e\000e\000D}{subsection.4.3}% 44
\BOOKMARK [2][-]{subsection.4.4}{\376\377\003\230\003\265\003\274\003\265\003\273\003\271\003\316\003\264\003\265\003\271\003\302\000\040\003\255\003\301\003\265\003\305\003\275\003\265\003\302\000\040\003\303\003\304\003\267\003\275\000\040\003\300\003\261\003\275\003\277\003\300\003\304\003\271\003\272\003\256\000\040\003\272\003\261\003\304\003\254\003\304\003\274\003\267\003\303\003\267\000\040\003\265\003\271\003\272\003\314\003\275\003\261\003\302}{section.4}% 45
\BOOKMARK [3][-]{subsubsection.4.4.1}{\376\377\000P\000a\000n\000o\000p\000t\000i\000c\000-\000D\000e\000e\000p\000L\000a\000b}{subsection.4.4}% 46
\BOOKMARK [3][-]{subsubsection.4.4.2}{\376\377\000U\000P\000S\000N\000e\000t}{subsection.4.4}% 47
\BOOKMARK [3][-]{subsubsection.4.4.3}{\376\377\000M\000a\000x\000-\000D\000e\000e\000p\000L\000a\000b}{subsection.4.4}% 48
\BOOKMARK [1][-]{section.5}{\376\377\003\243\003\305\003\274\003\262\003\277\003\273\003\256\000\040\003\304\003\267\003\302\000\040\003\265\003\301\003\263\003\261\003\303\003\257\003\261\003\302}{}% 49
\BOOKMARK [2][-]{subsection.5.1}{\376\377\000V\000i\000s\000u\000a\000l\000\040\000A\000t\000t\000e\000n\000t\000i\000o\000n\000\040\000N\000e\000t\000w\000o\000r\000k}{section.5}% 50
\BOOKMARK [2][-]{subsection.5.2}{\376\377\000V\000i\000s\000u\000a\000l\000\040\000A\000t\000t\000e\000n\000t\000i\000o\000n\000\040\000N\000e\000t\000w\000o\000r\000k\000\040\000m\000u\000l\000t\000i\000-\000b\000r\000a\000n\000c\000h}{section.5}% 51
\BOOKMARK [1][-]{section.6}{\376\377\003\240\003\265\003\271\003\301\003\261\003\274\003\261\003\304\003\271\003\272\003\254\000\040\003\261\003\300\003\277\003\304\003\265\003\273\003\255\003\303\003\274\003\261\003\304\003\261}{}% 52
\BOOKMARK [2][-]{subsection.6.1}{\376\377\003\223\003\265\003\275\003\271\003\272\003\314\000\040\003\300\003\273\003\261\003\257\003\303\003\271\003\277}{section.6}% 53
\BOOKMARK [3][-]{subsubsection.6.1.1}{\376\377\003\240\003\261\003\301\003\254\003\274\003\265\003\304\003\301\003\277\003\271\000\040\003\265\003\272\003\300\003\261\003\257\003\264\003\265\003\305\003\303\003\267\003\302}{subsection.6.1}% 54
\BOOKMARK [2][-]{subsection.6.2}{\376\377\003\221\003\301\003\307\003\271\003\272\003\277\003\300\003\277\003\257\003\267\003\303\003\267\000\040\003\300\003\261\003\301\003\261\003\274\003\255\003\304\003\301\003\311\003\275}{section.6}% 55
\BOOKMARK [2][-]{subsection.6.3}{\376\377\003\240\003\265\003\271\003\301\003\261\003\274\003\261\003\304\003\271\003\272\003\254\000\040\003\261\003\300\003\277\003\304\003\265\003\273\003\255\003\303\003\274\003\261\003\304\003\261\000\040\003\263\003\271\003\261\000\040\003\264\003\271\003\261\003\306\003\277\003\301\003\265\003\304\003\271\003\272\003\255\003\302\000\040\003\274\003\265\003\270\003\314\003\264\003\277\003\305\003\302\000\040\000\040\003\272\003\261\003\275\003\277\003\275\003\271\003\272\003\277\003\300\003\277\003\257\003\267\003\303\003\267\003\302\000\040\003\304\003\271\003\274\003\316\003\275}{section.6}% 56
\BOOKMARK [2][-]{subsection.6.4}{\376\377\003\221\003\275\003\304\003\271\003\272\003\261\003\304\003\254\003\303\003\304\003\261\003\303\003\267\000\040\003\303\003\267\003\274\003\265\003\271\003\261\003\272\003\256\003\302\000\040\003\303\003\305\003\275\003\255\003\273\003\271\003\276\003\267\003\302\000\040\003\274\003\265\000\040\000M\000L\000P}{section.6}% 57
\BOOKMARK [2][-]{subsection.6.5}{\376\377\003\247\003\301\003\256\003\303\003\267\000\040\000L\000K\000A\000\040\003\300\003\277\003\273\003\273\003\261\003\300\003\273\003\316\003\275\000\040\003\272\003\273\003\254\003\264\003\311\003\275}{section.6}% 58
\BOOKMARK [1][-]{section.7}{\376\377\003\243\003\305\003\274\003\300\003\265\003\301\003\254\003\303\003\274\003\261\003\304\003\261\000\040\003\272\003\261\003\271\000\040\003\274\003\265\003\273\003\273\003\277\003\275\003\304\003\271\003\272\003\255\003\302\000\040\003\265\003\300\003\265\003\272\003\304\003\254\003\303\003\265\003\271\003\302}{}% 59
\BOOKMARK [1][-]{section.7}{\376\377\003\222\003\271\003\262\003\273\003\271\003\277\003\263\003\301\003\261\003\306\003\271\003\272\003\256\000\040\003\261\003\275\003\261\003\306\003\277\003\301\003\254}{}% 60
\BOOKMARK [1][-]{section*.76}{\376\377\003\240\003\261\003\301\003\254\003\301\003\304\003\267\003\274\003\261}{}% 61
